WARNING: Failed to find function "__sanitizer_acquire_crash_state".
WARNING: Failed to find function "__sanitizer_print_stack_trace".
WARNING: Failed to find function "__sanitizer_set_death_callback".
INFO: Running with entropic power schedule (0xFF, 100).
INFO: Seed: 2989078064
MERGE-OUTER: 1024 files, 0 in the initial corpus, 0 processed earlier
MERGE-OUTER: attempt 1
WARNING: Failed to find function "__sanitizer_acquire_crash_state".
WARNING: Failed to find function "__sanitizer_print_stack_trace".
WARNING: Failed to find function "__sanitizer_set_death_callback".
INFO: Running with entropic power schedule (0xFF, 100).
INFO: Seed: 3398526786
INFO: -max_len is not provided; libFuzzer will not generate inputs larger than 1048576 bytes
MERGE-INNER: using the control file '/tmp/libFuzzerTemp.Merge475.txt'
MERGE-INNER: 1024 total files; 0 processed earlier; will process 1024 files now
#1	pulse  exec/s: 0 rss: 39Mb
#2	pulse  exec/s: 0 rss: 39Mb
#4	pulse  exec/s: 0 rss: 39Mb
#8	pulse  exec/s: 0 rss: 39Mb
#16	pulse  exec/s: 0 rss: 39Mb
#32	pulse  exec/s: 0 rss: 39Mb
#64	pulse  exec/s: 0 rss: 39Mb
#128	pulse  exec/s: 0 rss: 39Mb
#256	pulse  exec/s: 0 rss: 42Mb
#512	pulse  exec/s: 0 rss: 47Mb
==475== libFuzzer: run interrupted; exiting
==961== libFuzzer: run interrupted; exiting
