WARNING: Failed to find function "__sanitizer_acquire_crash_state".
WARNING: Failed to find function "__sanitizer_print_stack_trace".
WARNING: Failed to find function "__sanitizer_set_death_callback".
INFO: Running with entropic power schedule (0xFF, 100).
INFO: Seed: 2459759097
MERGE-OUTER: 964 files, 0 in the initial corpus, 0 processed earlier
MERGE-OUTER: attempt 1
WARNING: Failed to find function "__sanitizer_acquire_crash_state".
WARNING: Failed to find function "__sanitizer_print_stack_trace".
WARNING: Failed to find function "__sanitizer_set_death_callback".
INFO: Running with entropic power schedule (0xFF, 100).
INFO: Seed: 2990904218
INFO: -max_len is not provided; libFuzzer will not generate inputs larger than 1048576 bytes
MERGE-INNER: using the control file '/tmp/libFuzzerTemp.Merge4298.txt'
MERGE-INNER: 964 total files; 0 processed earlier; will process 964 files now
#1	pulse  exec/s: 0 rss: 39Mb
#2	pulse  exec/s: 0 rss: 39Mb
#4	pulse  exec/s: 0 rss: 39Mb
#8	pulse  exec/s: 0 rss: 39Mb
#16	pulse  exec/s: 0 rss: 39Mb
#32	pulse  exec/s: 0 rss: 39Mb
#64	pulse  exec/s: 0 rss: 39Mb
#128	pulse  exec/s: 0 rss: 39Mb
#256	pulse  exec/s: 0 rss: 39Mb
#512	pulse  exec/s: 0 rss: 42Mb
==4298== libFuzzer: run interrupted; exiting
==4312== libFuzzer: run interrupted; exiting
