WARNING: Failed to find function "__sanitizer_acquire_crash_state".
WARNING: Failed to find function "__sanitizer_print_stack_trace".
WARNING: Failed to find function "__sanitizer_set_death_callback".
INFO: Running with entropic power schedule (0xFF, 100).
INFO: Seed: 2704715099
MERGE-OUTER: 610 files, 0 in the initial corpus, 0 processed earlier
MERGE-OUTER: attempt 1
WARNING: Failed to find function "__sanitizer_acquire_crash_state".
WARNING: Failed to find function "__sanitizer_print_stack_trace".
WARNING: Failed to find function "__sanitizer_set_death_callback".
INFO: Running with entropic power schedule (0xFF, 100).
INFO: Seed: 2741455507
INFO: -max_len is not provided; libFuzzer will not generate inputs larger than 1048576 bytes
MERGE-INNER: using the control file '/tmp/libFuzzerTemp.Merge617.txt'
MERGE-INNER: 610 total files; 0 processed earlier; will process 610 files now
#1	pulse  exec/s: 0 rss: 163Mb
#2	pulse  exec/s: 0 rss: 163Mb
#4	pulse  exec/s: 0 rss: 163Mb
#8	pulse  exec/s: 0 rss: 163Mb
#16	pulse  exec/s: 0 rss: 163Mb
#32	pulse  exec/s: 0 rss: 163Mb
#64	pulse  exec/s: 0 rss: 163Mb
#128	pulse  exec/s: 2 rss: 163Mb
#256	pulse  exec/s: 3 rss: 163Mb
==617== libFuzzer: run interrupted; exiting
==617== libFuzzer: run interrupted; exiting
==673== libFuzzer: run interrupted; exiting
